.venv\Scripts\python.exe : D:\
Apps\mini-proj\.venv\Scripts\p
ython.exe: No module named 
pytest
At line:1 char:1
+ .venv\Scripts\python.exe -m 
pytest -v > 
pytest_results.txt 2>&1 ; Get 
...
+ ~~~~~~~~~~~~~~~~~~~~~~~~~~~~
~~~~~~~~~~~~~~~~~~~~~~~~~~~~~~
~~~~~
    + CategoryInfo          : 
    NotSpecified: (D:\Apps\m  
  ini-pr...le named pytest:   
 String) [], RemoteExcepti    
on
    + FullyQualifiedErrorId : 
    NativeCommandError
 
