python : D:\Apps\mini-proj\utils\llm_service.py:3: 
FutureWarning: 
At line:1 char:1
+ python -u test_feedback.py > test_output.txt 2>&1
+ ~~~~~~~~~~~~~~~~~~~~~~~~~~~~~~~~~~~~~~~~~~~~~~~~~
    + CategoryInfo          : NotSpecified: (D:\Apps\mini-pr...F 
   utureWarning: :String) [], RemoteException
    + FullyQualifiedErrorId : NativeCommandError
 

All support for the `google.generativeai` package has ended. It 
will no longer be receiving 
updates or bug fixes. Please switch to the `google.genai` 
package as soon as possible.
See README for more details:

https://github.com/google-gemini/deprecated-generative-ai-python/
blob/main/README.md

  import google.generativeai as genai
LLM Relevance Check failed: 404 models/gemini-1.5-flash is not found for API version v1beta, or is not supported for generateContent. Call ListModels to see the list of available models and their supported methods.
LLM Relevance Check failed: 404 models/gemini-1.5-flash is not found for API version v1beta, or is not supported for generateContent. Call ListModels to see the list of available models and their supported methods.

--- CODE EVALUATION (IRRELEVANT) ---
Score: 2.0
Traceback (most recent call last):
  File "D:\Apps\mini-proj\test_feedback.py", line 33, in <module>
    test_code()
  File "D:\Apps\mini-proj\test_feedback.py", line 18, in 
test_code
    print("Feedback:\n" + "\n".join(res["feedback"]))
  File "C:\Users\sasis\anaconda3\Lib\encodings\cp1252.py", line 
19, in encode
    return 
codecs.charmap_encode(input,self.errors,encoding_table)[0]
           
^^^^^^^^^^^^^^^^^^^^^^^^^^^^^^^^^^^^^^^^^^^^^^^^^^^^^^^
UnicodeEncodeError: 'charmap' codec can't encode character 
'\u2192' in position 230: character maps to <undefined>
