Traceback (most recent call last):
  File "D:\Apps\mini-proj\test_report_evaluation.py", line 1, in <module>
    import requests
ModuleNotFoundError: No module named 'requests'
